core_cm4.h:2064:26:ITM_SendChar	16	static,ignoring_inline_asm
main.c:101:5:main	8	static
main.c:273:13:SystemClock_Config	88	static
main.c:319:6:HAL_GPIO_EXTI_Callback	16	static
main.c:333:6:Toggle_Leds	8	static
main.c:347:6:HAL_TIM_PeriodElapsedCallback	16	static
main.c:371:5:_write	32	static
main.c:385:6:Error_Handler	8	static
main.c:394:13:GPIOA_Init	32	static
main.c:406:16:ProcessSample	32	static
main.c:437:16:ProcessSampleMAC	64	static,ignoring_inline_asm
main.c:470:16:ProcessSampleForm2	24	static
main.c:504:16:CreateEcho	32	static
main.c:525:16:CreateReverb	32	static
main.c:546:6:BSP_AUDIO_OUT_TransferComplete_CallBack	4	static
