stm32f411e_discovery_audio.c:214:9:BSP_AUDIO_OUT_Init	32	static
stm32f411e_discovery_audio.c:266:9:BSP_AUDIO_OUT_Play	16	static
stm32f411e_discovery_audio.c:288:6:BSP_AUDIO_OUT_ChangeBuffer	16	static
stm32f411e_discovery_audio.c:301:9:BSP_AUDIO_OUT_Pause	8	static
stm32f411e_discovery_audio.c:325:9:BSP_AUDIO_OUT_Resume	8	static
stm32f411e_discovery_audio.c:349:9:BSP_AUDIO_OUT_Stop	16	static
stm32f411e_discovery_audio.c:381:9:BSP_AUDIO_OUT_SetVolume	16	static
stm32f411e_discovery_audio.c:401:9:BSP_AUDIO_OUT_SetMute	16	static
stm32f411e_discovery_audio.c:423:9:BSP_AUDIO_OUT_SetOutputMode	16	static
stm32f411e_discovery_audio.c:443:6:BSP_AUDIO_OUT_SetFrequency	40	static
stm32f411e_discovery_audio.c:479:6:HAL_I2S_TxCpltCallback	16	static
stm32f411e_discovery_audio.c:492:6:HAL_I2S_TxHalfCpltCallback	16	static
stm32f411e_discovery_audio.c:510:13:BSP_AUDIO_OUT_ClockConfig	56	static
stm32f411e_discovery_audio.c:554:13:BSP_AUDIO_OUT_MspInit	56	static
stm32f411e_discovery_audio.c:624:13:BSP_AUDIO_OUT_MspDeInit	40	static
stm32f411e_discovery_audio.c:662:13:BSP_AUDIO_OUT_TransferComplete_CallBack	4	static
stm32f411e_discovery_audio.c:669:13:BSP_AUDIO_OUT_HalfTransfer_CallBack	4	static
stm32f411e_discovery_audio.c:676:13:BSP_AUDIO_OUT_Error_CallBack	4	static
stm32f411e_discovery_audio.c:688:16:I2S3_Init	16	static
stm32f411e_discovery_audio.c:731:9:BSP_AUDIO_IN_Init	24	static
stm32f411e_discovery_audio.c:762:9:BSP_AUDIO_IN_Record	24	static
stm32f411e_discovery_audio.c:778:9:BSP_AUDIO_IN_Stop	16	static
stm32f411e_discovery_audio.c:795:9:BSP_AUDIO_IN_Pause	8	static
stm32f411e_discovery_audio.c:808:9:BSP_AUDIO_IN_Resume	8	static
stm32f411e_discovery_audio.c:823:9:BSP_AUDIO_IN_SetVolume	16	static
stm32f411e_discovery_audio.c:838:9:BSP_AUDIO_IN_PDMToPCM	152	static
stm32f411e_discovery_audio.c:869:6:HAL_I2S_RxCpltCallback	16	static
stm32f411e_discovery_audio.c:879:6:HAL_I2S_RxHalfCpltCallback	16	static
stm32f411e_discovery_audio.c:894:13:BSP_AUDIO_IN_ClockConfig	48	static
stm32f411e_discovery_audio.c:930:13:BSP_AUDIO_IN_MspInit	56	static
stm32f411e_discovery_audio.c:996:13:BSP_AUDIO_IN_MspDeInit	40	static
stm32f411e_discovery_audio.c:1028:13:BSP_AUDIO_IN_TransferComplete_CallBack	4	static
stm32f411e_discovery_audio.c:1038:13:BSP_AUDIO_IN_HalfTransfer_CallBack	4	static
stm32f411e_discovery_audio.c:1048:13:BSP_AUDIO_IN_Error_Callback	4	static
stm32f411e_discovery_audio.c:1065:13:PDMDecoder_Init	32	static
stm32f411e_discovery_audio.c:1097:16:I2S2_Init	16	static
stm32f411e_discovery_audio.c:1136:6:HAL_I2S_ErrorCallback	16	static
